[33m❯[39m Building...
[32m✔[39m Building...
[1mInitial chunk files[22m[2m | [22m[1mNames[22m             [2m | [22m [1mRaw size[22m[2m | [22m[1mEstimated transfer size[22m
[32mchunk-IHLNE5EI.js[39m  [2m | [22m[2m-[22m                 [2m | [22m[36m289.12 kB[39m[2m | [22m               [36m78.85 kB[39m
[32mmain-DMVYXZDS.js[39m   [2m | [22m[2mmain[22m              [2m | [22m  [36m6.17 kB[39m[2m | [22m                [36m2.10 kB[39m
[32mstyles-L3ZI6HFC.css[39m[2m | [22m[2mstyles[22m            [2m | [22m  [36m4.30 kB[39m[2m | [22m                [36m1.08 kB[39m
[32mchunk-ZSFM6CCG.js[39m  [2m | [22m[2m-[22m                 [2m | [22m  [36m4.14 kB[39m[2m | [22m                [36m1.24 kB[39m
[32mchunk-I5RFM3MW.js[39m  [2m | [22m[2m-[22m                 [2m | [22m  [36m1.40 kB[39m[2m | [22m              [36m581 bytes[39m
[32mchunk-FJXSMIZ3.js[39m  [2m | [22m[2m-[22m                 [2m | [22m[36m157 bytes[39m[2m | [22m              [36m157 bytes[39m

[1m [22m                  [2m | [22m[1mInitial total[22m     [2m | [22m[1m305.29 kB[22m[2m | [22m               [1m84.01 kB[22m

[1mLazy chunk files[22m   [2m | [22m[1mNames[22m             [2m | [22m [1mRaw size[22m[2m | [22m[1mEstimated transfer size[22m
[32mchunk-33LTHCJV.js[39m  [2m | [22m[2madm-component[22m     [2m | [22m [36m62.65 kB[39m[2m | [22m               [36m12.72 kB[39m
[32mchunk-UDM7YH62.js[39m  [2m | [22m[2mprofile-component[22m [2m | [22m [36m44.03 kB[39m[2m | [22m               [36m10.04 kB[39m
[32mchunk-UVOTZSVE.js[39m  [2m | [22m[2m-[22m                 [2m | [22m [36m43.41 kB[39m[2m | [22m                [36m9.11 kB[39m
[32mchunk-PG7JXJCT.js[39m  [2m | [22m[2mhome-component[22m    [2m | [22m [36m32.13 kB[39m[2m | [22m                [36m7.09 kB[39m
[32mchunk-NHI2WVBT.js[39m  [2m | [22m[2mrooms-component[22m   [2m | [22m [36m29.25 kB[39m[2m | [22m                [36m7.23 kB[39m
[32mchunk-CV5BTJPO.js[39m  [2m | [22m[2mpricing-component[22m [2m | [22m [36m20.48 kB[39m[2m | [22m                [36m5.05 kB[39m
[32mchunk-QO4LLJHG.js[39m  [2m | [22m[2mlibrary-component[22m [2m | [22m [36m18.36 kB[39m[2m | [22m                [36m4.83 kB[39m
[32mchunk-L2ROU4KX.js[39m  [2m | [22m[2mcheckout-component[22m[2m | [22m [36m16.06 kB[39m[2m | [22m                [36m4.43 kB[39m
[32mchunk-J7CWSB26.js[39m  [2m | [22m[2mlogin-component[22m   [2m | [22m [36m15.95 kB[39m[2m | [22m                [36m4.13 kB[39m
[32mchunk-H2P4J4CY.js[39m  [2m | [22m[2mdonate-component[22m  [2m | [22m [36m15.84 kB[39m[2m | [22m                [36m4.25 kB[39m
[32mchunk-ZKV6HU6Q.js[39m  [2m | [22m[2mregister-component[22m[2m | [22m [36m15.41 kB[39m[2m | [22m                [36m3.71 kB[39m
[32mchunk-Q6ANHNEH.js[39m  [2m | [22m[2mreset-component[22m   [2m | [22m [36m14.28 kB[39m[2m | [22m                [36m3.68 kB[39m
[32mchunk-VSAHXKF3.js[39m  [2m | [22m[2mabout-component[22m   [2m | [22m [36m13.47 kB[39m[2m | [22m                [36m3.28 kB[39m
[32mchunk-T6AKHYES.js[39m  [2m | [22m[2mforgot-component[22m  [2m | [22m [36m13.32 kB[39m[2m | [22m                [36m3.46 kB[39m
[32mchunk-Z6QRIBKG.js[39m  [2m | [22m[2mterms-component[22m   [2m | [22m [36m12.89 kB[39m[2m | [22m                [36m3.40 kB[39m
[2m...and 8 more lazy chunks files. Use "--verbose" to show all the files.[22m

Application bundle generation complete. [10.871 seconds] - 2026-06-16T14:25:57.422Z

[1m[33m[33m▲ [43;33m[[43;30mWARNING[43;33m][0m [1mNG8107: NG8107: The left side of this optional chain operation does not include 'null' or 'undefined' in its type, therefore the '?.' operator can be replaced with the '.' operator. Find more at https://v21.angular.dev/extended-diagnostics/NG8107[0m [1m[35m[plugin angular-compiler][0m

    src/app/features/profile/profile.component.html:84:45:
[37m      84 │ ...     <span class="bc-item dim">{{ user?.[32mname[37m | uppercase }}</span>
         ╵                                            [32m~~~~[0m

  Warning occurs in the template of component ProfileComponent.

    src/app/features/profile/profile.component.ts:13:15:
[37m      13 │   templateUrl: [32m'./profile.component.html'[37m,
         ╵                [32m~~~~~~~~~~~~~~~~~~~~~~~~~~[0m


[33m▲ [43;33m[[43;30mWARNING[43;33m][0m [1mNG8107: NG8107: The left side of this optional chain operation does not include 'null' or 'undefined' in its type, therefore the '?.' operator can be replaced with the '.' operator. Find more at https://v21.angular.dev/extended-diagnostics/NG8107[0m [1m[35m[plugin angular-compiler][0m

    src/app/features/profile/profile.component.html:99:48:
[37m      99 │ ...class="player-id">USR {{ user?.[32mid[37m?.toString()?.padStart(5,'0') ...
         ╵                                   [32m~~[0m

  Warning occurs in the template of component ProfileComponent.

    src/app/features/profile/profile.component.ts:13:15:
[37m      13 │   templateUrl: [32m'./profile.component.html'[37m,
         ╵                [32m~~~~~~~~~~~~~~~~~~~~~~~~~~[0m


[33m▲ [43;33m[[43;30mWARNING[43;33m][0m [1mNG8107: NG8107: The left side of this optional chain operation does not include 'null' or 'undefined' in its type, therefore the '?.' operator can be replaced with the '.' operator. Find more at https://v21.angular.dev/extended-diagnostics/NG8107[0m [1m[35m[plugin angular-compiler][0m

    src/app/features/profile/profile.component.html:102:54:
[37m      102 │ ...ass="player-rank">{{ userStats?.[32msignalLevel[37m || 'NVL_00' }}</span>
          ╵                                    [32m~~~~~~~~~~~[0m

  Warning occurs in the template of component ProfileComponent.

    src/app/features/profile/profile.component.ts:13:15:
[37m      13 │   templateUrl: [32m'./profile.component.html'[37m,
         ╵                [32m~~~~~~~~~~~~~~~~~~~~~~~~~~[0m


[33m▲ [43;33m[[43;30mWARNING[43;33m][0m [1mNG8107: NG8107: The left side of this optional chain operation does not include 'null' or 'undefined' in its type, therefore the '?.' operator can be replaced with the '.' operator. Find more at https://v21.angular.dev/extended-diagnostics/NG8107[0m [1m[35m[plugin angular-compiler][0m

    src/app/features/profile/profile.component.html:116:116:
[37m      116 │ ...nbsp; MEMBRO DESDE {{ user?[32m.createdA[37mt | date:'dd/MM/yyyy' }}</...
          ╵                               [32m~~~~~~~~~[0m

  Warning occurs in the template of component ProfileComponent.

    src/app/features/profile/profile.component.ts:13:15:
[37m      13 │   templateUrl: [32m'./profile.component.html'[37m,
         ╵                [32m~~~~~~~~~~~~~~~~~~~~~~~~~~[0m


[33m▲ [43;33m[[43;30mWARNING[43;33m][0m [1mNG8107: NG8107: The left side of this optional chain operation does not include 'null' or 'undefined' in its type, therefore the '?.' operator can be replaced with the '.' operator. Find more at https://v21.angular.dev/extended-diagnostics/NG8107[0m [1m[35m[plugin angular-compiler][0m

    src/app/features/profile/profile.component.html:122:50:
[37m      122 │ ...class="profile-username">{{ user?.[32mname[37m || 'USUÁRIO ANON' }}</h1>
          ╵                                      [32m~~~~[0m

  Warning occurs in the template of component ProfileComponent.

    src/app/features/profile/profile.component.ts:13:15:
[37m      13 │   templateUrl: [32m'./profile.component.html'[37m,
         ╵                [32m~~~~~~~~~~~~~~~~~~~~~~~~~~[0m


[33m▲ [43;33m[[43;30mWARNING[43;33m][0m [1mNG8107: NG8107: The left side of this optional chain operation does not include 'null' or 'undefined' in its type, therefore the '?.' operator can be replaced with the '.' operator. Find more at https://v21.angular.dev/extended-diagnostics/NG8107[0m [1m[35m[plugin angular-compiler][0m

    src/app/features/profile/profile.component.html:123:46:
[37m      123 │             <p class="profile-email">{{ user?.[32memail[37m }}</p>
          ╵                                               [32m~~~~~[0m

  Warning occurs in the template of component ProfileComponent.

    src/app/features/profile/profile.component.ts:13:15:
[37m      13 │   templateUrl: [32m'./profile.component.html'[37m,
         ╵                [32m~~~~~~~~~~~~~~~~~~~~~~~~~~[0m


[33m▲ [43;33m[[43;30mWARNING[43;33m][0m [1mNG8107: NG8107: The left side of this optional chain operation does not include 'null' or 'undefined' in its type, therefore the '?.' operator can be replaced with the '.' operator. Find more at https://v21.angular.dev/extended-diagnostics/NG8107[0m [1m[35m[plugin angular-compiler][0m

    src/app/features/profile/profile.component.html:127:54:
[37m      127 │ ...pan class="score-val">{{ userStats?.[32mgamesInLibrary[37m || 0 }}</span>
          ╵                                        [32m~~~~~~~~~~~~~~[0m

  Warning occurs in the template of component ProfileComponent.

    src/app/features/profile/profile.component.ts:13:15:
[37m      13 │   templateUrl: [32m'./profile.component.html'[37m,
         ╵                [32m~~~~~~~~~~~~~~~~~~~~~~~~~~[0m


[33m▲ [43;33m[[43;30mWARNING[43;33m][0m [1mNG8107: NG8107: The left side of this optional chain operation does not include 'null' or 'undefined' in its type, therefore the '?.' operator can be replaced with the '.' operator. Find more at https://v21.angular.dev/extended-diagnostics/NG8107[0m [1m[35m[plugin angular-compiler][0m

    src/app/features/profile/profile.component.html:131:54:
[37m      131 │ ...span class="score-val">{{ userStats?.[32mroomsAccessed[37m || 0 }}</span>
          ╵                                         [32m~~~~~~~~~~~~~[0m

  Warning occurs in the template of component ProfileComponent.

    src/app/features/profile/profile.component.ts:13:15:
[37m      13 │   templateUrl: [32m'./profile.component.html'[37m,
         ╵                [32m~~~~~~~~~~~~~~~~~~~~~~~~~~[0m


[33m▲ [43;33m[[43;30mWARNING[43;33m][0m [1mNG8107: NG8107: The left side of this optional chain operation does not include 'null' or 'undefined' in its type, therefore the '?.' operator can be replaced with the '.' operator. Find more at https://v21.angular.dev/extended-diagnostics/NG8107[0m [1m[35m[plugin angular-compiler][0m

    src/app/features/profile/profile.component.html:135:54:
[37m      135 │ ...  <span class="score-val">{{ userStats?.[32mdaysActive[37m || 0 }}</span>
          ╵                                            [32m~~~~~~~~~~[0m

  Warning occurs in the template of component ProfileComponent.

    src/app/features/profile/profile.component.ts:13:15:
[37m      13 │   templateUrl: [32m'./profile.component.html'[37m,
         ╵                [32m~~~~~~~~~~~~~~~~~~~~~~~~~~[0m


[33m▲ [43;33m[[43;30mWARNING[43;33m][0m [1mNG8107: NG8107: The left side of this optional chain operation does not include 'null' or 'undefined' in its type, therefore the '?.' operator can be replaced with the '.' operator. Find more at https://v21.angular.dev/extended-diagnostics/NG8107[0m [1m[35m[plugin angular-compiler][0m

    src/app/features/profile/profile.component.html:139:60:
[37m      139 │ ..."score-val amber">{{ userStats?.[32msignalLevel[37m || 'NVL_00' }}</span>
          ╵                                    [32m~~~~~~~~~~~[0m

  Warning occurs in the template of component ProfileComponent.

    src/app/features/profile/profile.component.ts:13:15:
[37m      13 │   templateUrl: [32m'./profile.component.html'[37m,
         ╵                [32m~~~~~~~~~~~~~~~~~~~~~~~~~~[0m


[33m▲ [43;33m[[43;30mWARNING[43;33m][0m [1mNG8107: NG8107: The left side of this optional chain operation does not include 'null' or 'undefined' in its type, therefore the '?.' operator can be replaced with the '.' operator. Find more at https://v21.angular.dev/extended-diagnostics/NG8107[0m [1m[35m[plugin angular-compiler][0m

    src/app/features/profile/profile.component.html:164:140:
[37m      164 │ ...pan class="t-val">{{ user?.[32mcreatedAt[37m | date:'dd/MM/yyyy' }}</s...
          ╵                               [32m~~~~~~~~~[0m

  Warning occurs in the template of component ProfileComponent.

    src/app/features/profile/profile.component.ts:13:15:
[37m      13 │   templateUrl: [32m'./profile.component.html'[37m,
         ╵                [32m~~~~~~~~~~~~~~~~~~~~~~~~~~[0m


[33m▲ [43;33m[[43;30mWARNING[43;33m][0m [1mNG8107: NG8107: The left side of this optional chain operation does not include 'null' or 'undefined' in its type, therefore the '?.' operator can be replaced with the '.' operator. Find more at https://v21.angular.dev/extended-diagnostics/NG8107[0m [1m[35m[plugin angular-compiler][0m

    src/app/features/profile/profile.component.html:165:144:
[37m      165 │ ...-val amber">{{ userStats?.[32msignalLevel[37m || 'NVL_00' }}</span></div>
          ╵                              [32m~~~~~~~~~~~[0m

  Warning occurs in the template of component ProfileComponent.

    src/app/features/profile/profile.component.ts:13:15:
[37m      13 │   templateUrl: [32m'./profile.component.html'[37m,
         ╵                [32m~~~~~~~~~~~~~~~~~~~~~~~~~~[0m


[33m▲ [43;33m[[43;30mWARNING[43;33m][0m [1mNG8107: NG8107: The left side of this optional chain operation does not include 'null' or 'undefined' in its type, therefore the '?.' operator can be replaced with the '.' operator. Find more at https://v21.angular.dev/extended-diagnostics/NG8107[0m [1m[35m[plugin angular-compiler][0m

    src/app/features/profile/profile.component.html:197:71:
[37m      197 │ ...al green">[ {{ activeSubscription?.[32mstatus[37m | uppercase }} ]</span>
          ╵                                       [32m~~~~~~[0m

  Warning occurs in the template of component ProfileComponent.

    src/app/features/profile/profile.component.ts:13:15:
[37m      13 │   templateUrl: [32m'./profile.component.html'[37m,
         ╵                [32m~~~~~~~~~~~~~~~~~~~~~~~~~~[0m


[33m▲ [43;33m[[43;30mWARNING[43;33m][0m [1mNG8107: NG8107: The left side of this optional chain operation does not include 'null' or 'undefined' in its type, therefore the '?.' operator can be replaced with the '.' operator. Find more at https://v21.angular.dev/extended-diagnostics/NG8107[0m [1m[35m[plugin angular-compiler][0m

    src/app/features/profile/profile.component.html:202:75:
[37m      202 │ ... amber">NÍVEL {{ activeSubscription?[32m.pla[37mn?.accessLevel }}</span>
          ╵                                        [32m~~~~[0m

  Warning occurs in the template of component ProfileComponent.

    src/app/features/profile/profile.component.ts:13:15:
[37m      13 │   templateUrl: [32m'./profile.component.html'[37m,
         ╵                [32m~~~~~~~~~~~~~~~~~~~~~~~~~~[0m


[33m▲ [43;33m[[43;30mWARNING[43;33m][0m [1mNG8107: NG8107: The left side of this optional chain operation does not include 'null' or 'undefined' in its type, therefore the '?.' operator can be replaced with the '.' operator. Find more at https://v21.angular.dev/extended-diagnostics/NG8107[0m [1m[35m[plugin angular-compiler][0m

    src/app/features/profile/profile.component.html:207:66:
[37m      207 │ ...l">R$ {{ activeSubscription?.[32mplan[37m?.price | number:'1.2-2' }}/M...
          ╵                                 [32m~~~~[0m

  Warning occurs in the template of component ProfileComponent.

    src/app/features/profile/profile.component.ts:13:15:
[37m      13 │   templateUrl: [32m'./profile.component.html'[37m,
         ╵                [32m~~~~~~~~~~~~~~~~~~~~~~~~~~[0m


[33m▲ [43;33m[[43;30mWARNING[43;33m][0m [1mNG8107: NG8107: The left side of this optional chain operation does not include 'null' or 'undefined' in its type, therefore the '?.' operator can be replaced with the '.' operator. Find more at https://v21.angular.dev/extended-diagnostics/NG8107[0m [1m[35m[plugin angular-compiler][0m

    src/app/features/profile/profile.component.html:226:62:
[37m      226 │ ...           <div class="empty-state" *ngIf="!activityLog?.[32mlength[37m">
          ╵                                                             [32m~~~~~~[0m

  Warning occurs in the template of component ProfileComponent.

    src/app/features/profile/profile.component.ts:13:15:
[37m      13 │   templateUrl: [32m'./profile.component.html'[37m,
         ╵                [32m~~~~~~~~~~~~~~~~~~~~~~~~~~[0m

[39m[22m
Output location: C:\Users\Microsoft\archv-rooms-web\dist\frontend

